Using pre-set license
Built from '2020.3/staging' branch; Version is '2020.3.6f1 (338bb68529b2) revision 3378102'; Using compiler version '192528614'; Build Type 'Release'
OS: 'Windows 10 Home; OS build 19042.1165; Version 2009; 64bit' Language: 'en' Physical Memory: 32633 MB
BatchMode: 1, IsHumanControllingUs: 0, StartBugReporterOnCrash: 0, Is64bit: 1, IsPro: 0

 COMMAND LINE ARGUMENTS:
D:\Program Files\2020.3.6f1\Editor\Unity.exe
-adb2
-batchMode
-noUpm
-name
AssetImportWorker2
-projectPath
D:/Documents/Unity Projects/Thestral Online
-logFile
Logs/AssetImportWorker2.log
-srvPort
54120
Successfully changed project path to: D:/Documents/Unity Projects/Thestral Online
D:/Documents/Unity Projects/Thestral Online
Using Asset Import Pipeline V2.
Refreshing native plugins compatible for Editor in 41.88 ms, found 0 plugins.
Preloading 0 native plugins for Editor in 0.00 ms.
Initialize engine version: 2020.3.6f1 (338bb68529b2)
[Subsystems] Discovering subsystems at path D:/Program Files/2020.3.6f1/Editor/Data/Resources/UnitySubsystems
[Subsystems] Discovering subsystems at path D:/Documents/Unity Projects/Thestral Online/Assets
GfxDevice: creating device client; threaded=0
Direct3D:
    Version:  Direct3D 11.0 [level 11.1]
    Renderer: NVIDIA GeForce GTX 1060 with Max-Q Design (ID=0x1c20)
    Vendor:   
    VRAM:     6052 MB
    Driver:   27.21.14.6647
Initialize mono
Mono path[0] = 'D:/Program Files/2020.3.6f1/Editor/Data/Managed'
Mono path[1] = 'D:/Program Files/2020.3.6f1/Editor/Data/MonoBleedingEdge/lib/mono/unityjit'
Mono config path = 'D:/Program Files/2020.3.6f1/Editor/Data/MonoBleedingEdge/etc'
Using monoOptions --debugger-agent=transport=dt_socket,embedding=1,server=y,suspend=n,address=127.0.0.1:56440
Begin MonoManager ReloadAssembly
Registering precompiled unity dll's ...
Register platform support module: D:/Program Files/2020.3.6f1/Editor/Data/PlaybackEngines/MacStandaloneSupport/UnityEditor.OSXStandalone.Extensions.dll
Register platform support module: D:/Program Files/2020.3.6f1/Editor/Data/PlaybackEngines/WindowsStandaloneSupport/UnityEditor.WindowsStandalone.Extensions.dll
Register platform support module: D:/Program Files/2020.3.6f1/Editor/Data/PlaybackEngines/LinuxStandaloneSupport/UnityEditor.LinuxStandalone.Extensions.dll
Registered in 0.002302 seconds.
Native extension for LinuxStandalone target not found
Native extension for WindowsStandalone target not found
Native extension for OSXStandalone target not found
Refreshing native plugins compatible for Editor in 45.63 ms, found 0 plugins.
Preloading 0 native plugins for Editor in 0.00 ms.
Mono: successfully reloaded assembly
- Completed reload, in  2.334 seconds
Platform modules already initialized, skipping
Registering precompiled user dll's ...
Registered in 0.001168 seconds.
Begin MonoManager ReloadAssembly
Native extension for LinuxStandalone target not found
Native extension for WindowsStandalone target not found
Native extension for OSXStandalone target not found
Refreshing native plugins compatible for Editor in 0.44 ms, found 0 plugins.
Preloading 0 native plugins for Editor in 0.00 ms.
Mono: successfully reloaded assembly
- Completed reload, in  1.307 seconds
Platform modules already initialized, skipping
========================================================================
Worker process is ready to serve import requests
Launched and connected shader compiler UnityShaderCompiler.exe after 4.27 seconds
Shader compiler process initialization failed: Failed to load DLL: could not allocate memory for executable
Launched and connected shader compiler UnityShaderCompiler.exe after 0.08 seconds
Refreshing native plugins compatible for Editor in 0.31 ms, found 0 plugins.
Preloading 0 native plugins for Editor in 0.00 ms.
Unloading 1430 Unused Serialized files (Serialized files now loaded: 0)
System memory in use before: 68.3 MB.
System memory in use after: 68.4 MB.

Unloading 13 unused Assets to reduce memory usage. Loaded Objects now: 1879.
Total: 2.000100 ms (FindLiveObjects: 0.141800 ms CreateObjectMapping: 0.053100 ms MarkObjects: 1.708500 ms  DeleteObjects: 0.095300 ms)

========================================================================
Received Import Request.
  path: Assets/Packages/Devion Games/Login System/Example/Scenes
  artifactKey: Guid(d38f6b3e788a6a94a98a2fc75a602f5a) Importer(815301076,1909f56bfc062723c751e8b465ee728b)
Start importing Assets/Packages/Devion Games/Login System/Example/Scenes using Guid(d38f6b3e788a6a94a98a2fc75a602f5a) Importer(815301076,1909f56bfc062723c751e8b465ee728b)  -> (artifact id: '6996b617f8f9a11cfc98afd7ec9959cb') in 0.005049 seconds
  Import took 0.007452 seconds .

========================================================================
Received Import Request.
  Time since last request: 0.000675 seconds.
  path: Assets/Packages/Devion Games/Login System/Example
  artifactKey: Guid(ac62ae8e580f7694f96aa7caaf62b52f) Importer(815301076,1909f56bfc062723c751e8b465ee728b)
Start importing Assets/Packages/Devion Games/Login System/Example using Guid(ac62ae8e580f7694f96aa7caaf62b52f) Importer(815301076,1909f56bfc062723c751e8b465ee728b)  -> (artifact id: '1db92f2343e8d371a77f98ee84a43afe') in 0.002944 seconds
  Import took 0.005680 seconds .

========================================================================
Received Import Request.
  Time since last request: 0.000298 seconds.
  path: Assets/Packages/Devion Games
  artifactKey: Guid(9894939110640084e847537cc852df5b) Importer(815301076,1909f56bfc062723c751e8b465ee728b)
Start importing Assets/Packages/Devion Games using Guid(9894939110640084e847537cc852df5b) Importer(815301076,1909f56bfc062723c751e8b465ee728b)  -> (artifact id: 'ea8ab151bd6ba076bb1c37c0ecb81aa8') in 0.003210 seconds
  Import took 0.006929 seconds .

========================================================================
Received Import Request.
  Time since last request: 0.000320 seconds.
  path: Assets/Packages/Devion Games/Login System
  artifactKey: Guid(581178c6bd0d22341b72d5938df26d28) Importer(815301076,1909f56bfc062723c751e8b465ee728b)
Start importing Assets/Packages/Devion Games/Login System using Guid(581178c6bd0d22341b72d5938df26d28) Importer(815301076,1909f56bfc062723c751e8b465ee728b)  -> (artifact id: '8e0a850d43d97cca391b28c65f392c5e') in 0.003137 seconds
  Import took 0.005937 seconds .

========================================================================
Received Import Request.
  Time since last request: 0.000310 seconds.
  path: Assets/Packages/Devion Games/Login System/Example/Scenes/Login Example.unity
  artifactKey: Guid(068cb1845a775634d9eb5773fe2d3eb3) Importer(815301076,1909f56bfc062723c751e8b465ee728b)
Start importing Assets/Packages/Devion Games/Login System/Example/Scenes/Login Example.unity using Guid(068cb1845a775634d9eb5773fe2d3eb3) Importer(815301076,1909f56bfc062723c751e8b465ee728b)  -> (artifact id: 'efcbc50be22e496bfd5990041416a025') in 0.013387 seconds
  Import took 0.016026 seconds .

AssetImportWorkerClient::OnTransportError - code=2 error=End of file
