Using pre-set license
Built from '2020.3/staging' branch; Version is '2020.3.6f1 (338bb68529b2) revision 3378102'; Using compiler version '192528614'; Build Type 'Release'
OS: 'Windows 10 Home; OS build 19042.1165; Version 2009; 64bit' Language: 'en' Physical Memory: 32633 MB
BatchMode: 1, IsHumanControllingUs: 0, StartBugReporterOnCrash: 0, Is64bit: 1, IsPro: 0

 COMMAND LINE ARGUMENTS:
D:\Program Files\2020.3.6f1\Editor\Unity.exe
-adb2
-batchMode
-noUpm
-name
AssetImportWorker0
-projectPath
D:/Documents/Unity Projects/Thestral Online
-logFile
Logs/AssetImportWorker0.log
-srvPort
59935
Successfully changed project path to: D:/Documents/Unity Projects/Thestral Online
D:/Documents/Unity Projects/Thestral Online
Using Asset Import Pipeline V2.
Refreshing native plugins compatible for Editor in 46.74 ms, found 0 plugins.
Preloading 0 native plugins for Editor in 0.00 ms.
Initialize engine version: 2020.3.6f1 (338bb68529b2)
[Subsystems] Discovering subsystems at path D:/Program Files/2020.3.6f1/Editor/Data/Resources/UnitySubsystems
[Subsystems] Discovering subsystems at path D:/Documents/Unity Projects/Thestral Online/Assets
GfxDevice: creating device client; threaded=0
Direct3D:
    Version:  Direct3D 11.0 [level 11.1]
    Renderer: NVIDIA GeForce GTX 1060 with Max-Q Design (ID=0x1c20)
    Vendor:   
    VRAM:     6052 MB
    Driver:   27.21.14.6647
Initialize mono
Mono path[0] = 'D:/Program Files/2020.3.6f1/Editor/Data/Managed'
Mono path[1] = 'D:/Program Files/2020.3.6f1/Editor/Data/MonoBleedingEdge/lib/mono/unityjit'
Mono config path = 'D:/Program Files/2020.3.6f1/Editor/Data/MonoBleedingEdge/etc'
Using monoOptions --debugger-agent=transport=dt_socket,embedding=1,server=y,suspend=n,address=127.0.0.1:56988
Begin MonoManager ReloadAssembly
Registering precompiled unity dll's ...
Register platform support module: D:/Program Files/2020.3.6f1/Editor/Data/PlaybackEngines/MacStandaloneSupport/UnityEditor.OSXStandalone.Extensions.dll
Register platform support module: D:/Program Files/2020.3.6f1/Editor/Data/PlaybackEngines/WindowsStandaloneSupport/UnityEditor.WindowsStandalone.Extensions.dll
Register platform support module: D:/Program Files/2020.3.6f1/Editor/Data/PlaybackEngines/LinuxStandaloneSupport/UnityEditor.LinuxStandalone.Extensions.dll
Registered in 0.002486 seconds.
Native extension for LinuxStandalone target not found
Native extension for WindowsStandalone target not found
Native extension for OSXStandalone target not found
Refreshing native plugins compatible for Editor in 37.53 ms, found 0 plugins.
Preloading 0 native plugins for Editor in 0.00 ms.
Mono: successfully reloaded assembly
- Completed reload, in  1.619 seconds
Platform modules already initialized, skipping
Registering precompiled user dll's ...
Registered in 0.001074 seconds.
Begin MonoManager ReloadAssembly
Native extension for LinuxStandalone target not found
Native extension for WindowsStandalone target not found
Native extension for OSXStandalone target not found
Refreshing native plugins compatible for Editor in 0.27 ms, found 0 plugins.
Preloading 0 native plugins for Editor in 0.00 ms.
Mono: successfully reloaded assembly
- Completed reload, in  1.212 seconds
Platform modules already initialized, skipping
========================================================================
Worker process is ready to serve import requests
Launched and connected shader compiler UnityShaderCompiler.exe after 0.08 seconds
Refreshing native plugins compatible for Editor in 0.33 ms, found 0 plugins.
Preloading 0 native plugins for Editor in 0.00 ms.
Unloading 1432 Unused Serialized files (Serialized files now loaded: 0)
System memory in use before: 68.4 MB.
System memory in use after: 68.5 MB.

Unloading 13 unused Assets to reduce memory usage. Loaded Objects now: 1881.
Total: 2.599700 ms (FindLiveObjects: 0.488100 ms CreateObjectMapping: 0.150400 ms MarkObjects: 1.858700 ms  DeleteObjects: 0.100600 ms)

========================================================================
Received Import Request.
  path: Assets/Scripts/Game.cs
  artifactKey: Guid(9c8f87bca1652a7469b98bab201ca802) Importer(815301076,1909f56bfc062723c751e8b465ee728b)
Start importing Assets/Scripts/Game.cs using Guid(9c8f87bca1652a7469b98bab201ca802) Importer(815301076,1909f56bfc062723c751e8b465ee728b)  -> (artifact id: 'f4ee9010598fe70933f9cecee4809213') in 0.305777 seconds
  Import took 0.515585 seconds .

========================================================================
Received Import Request.
  Time since last request: 0.000802 seconds.
  path: Assets/Scripts/ServerLink.cs
  artifactKey: Guid(eb5d7ea8e3b3f5d4cbd1a8aa7019915b) Importer(815301076,1909f56bfc062723c751e8b465ee728b)
Start importing Assets/Scripts/ServerLink.cs using Guid(eb5d7ea8e3b3f5d4cbd1a8aa7019915b) Importer(815301076,1909f56bfc062723c751e8b465ee728b)  -> (artifact id: '7ee07996cc87cb12886f38a6b1ae766d') in 0.005876 seconds
  Import took 0.020975 seconds .

========================================================================
Received Import Request.
  Time since last request: 183.845480 seconds.
  path: Assets/Scripts/ServerLink.cs
  artifactKey: Guid(eb5d7ea8e3b3f5d4cbd1a8aa7019915b) Importer(815301076,1909f56bfc062723c751e8b465ee728b)
Start importing Assets/Scripts/ServerLink.cs using Guid(eb5d7ea8e3b3f5d4cbd1a8aa7019915b) Importer(815301076,1909f56bfc062723c751e8b465ee728b)  -> (artifact id: '94a80664d42d477d244925558a57f7b9') in 0.002583 seconds
  Import took 0.023119 seconds .

========================================================================
Received Prepare
Registering precompiled user dll's ...
Registered in 0.000917 seconds.
Begin MonoManager ReloadAssembly
Native extension for LinuxStandalone target not found
Native extension for WindowsStandalone target not found
Native extension for OSXStandalone target not found
Refreshing native plugins compatible for Editor in 0.28 ms, found 0 plugins.
Preloading 0 native plugins for Editor in 0.00 ms.
Mono: successfully reloaded assembly
- Completed reload, in  1.094 seconds
Platform modules already initialized, skipping
Refreshing native plugins compatible for Editor in 0.54 ms, found 0 plugins.
Preloading 0 native plugins for Editor in 0.00 ms.
Unloading 1412 Unused Serialized files (Serialized files now loaded: 0)
System memory in use before: 66.9 MB.
System memory in use after: 67.0 MB.

Unloading 4 unused Assets to reduce memory usage. Loaded Objects now: 1884.
Total: 2.161200 ms (FindLiveObjects: 0.304500 ms CreateObjectMapping: 0.067300 ms MarkObjects: 1.773100 ms  DeleteObjects: 0.015200 ms)

========================================================================
Received Prepare
Registering precompiled user dll's ...
Registered in 0.001419 seconds.
Begin MonoManager ReloadAssembly
Native extension for LinuxStandalone target not found
Native extension for WindowsStandalone target not found
Native extension for OSXStandalone target not found
Refreshing native plugins compatible for Editor in 0.30 ms, found 0 plugins.
Preloading 0 native plugins for Editor in 0.00 ms.
Mono: successfully reloaded assembly
- Completed reload, in  1.140 seconds
Platform modules already initialized, skipping
Refreshing native plugins compatible for Editor in 0.28 ms, found 0 plugins.
Preloading 0 native plugins for Editor in 0.00 ms.
Unloading 1412 Unused Serialized files (Serialized files now loaded: 0)
System memory in use before: 66.9 MB.
System memory in use after: 67.0 MB.

Unloading 4 unused Assets to reduce memory usage. Loaded Objects now: 1887.
Total: 2.286800 ms (FindLiveObjects: 0.154600 ms CreateObjectMapping: 0.065900 ms MarkObjects: 2.047800 ms  DeleteObjects: 0.016300 ms)

========================================================================
Received Import Request.
  Time since last request: 239.466388 seconds.
  path: Assets/Scripts/ServerLink.cs
  artifactKey: Guid(eb5d7ea8e3b3f5d4cbd1a8aa7019915b) Importer(815301076,1909f56bfc062723c751e8b465ee728b)
Start importing Assets/Scripts/ServerLink.cs using Guid(eb5d7ea8e3b3f5d4cbd1a8aa7019915b) Importer(815301076,1909f56bfc062723c751e8b465ee728b)  -> (artifact id: '06ab655c9974c5913a403d0643811844') in 0.004918 seconds
  Import took 0.126077 seconds .

========================================================================
Received Prepare
Registering precompiled user dll's ...
Registered in 0.001200 seconds.
Begin MonoManager ReloadAssembly
Native extension for LinuxStandalone target not found
Native extension for WindowsStandalone target not found
Native extension for OSXStandalone target not found
Refreshing native plugins compatible for Editor in 0.28 ms, found 0 plugins.
Preloading 0 native plugins for Editor in 0.00 ms.
Mono: successfully reloaded assembly
- Completed reload, in  1.068 seconds
Platform modules already initialized, skipping
Refreshing native plugins compatible for Editor in 0.34 ms, found 0 plugins.
Preloading 0 native plugins for Editor in 0.00 ms.
Unloading 1412 Unused Serialized files (Serialized files now loaded: 0)
System memory in use before: 67.0 MB.
System memory in use after: 67.1 MB.

Unloading 4 unused Assets to reduce memory usage. Loaded Objects now: 1890.
Total: 1.951100 ms (FindLiveObjects: 0.194400 ms CreateObjectMapping: 0.051000 ms MarkObjects: 1.689100 ms  DeleteObjects: 0.015600 ms)

========================================================================
Received Import Request.
  Time since last request: 116.458073 seconds.
  path: Assets/Scripts/ServerLink.cs
  artifactKey: Guid(eb5d7ea8e3b3f5d4cbd1a8aa7019915b) Importer(815301076,1909f56bfc062723c751e8b465ee728b)
Start importing Assets/Scripts/ServerLink.cs using Guid(eb5d7ea8e3b3f5d4cbd1a8aa7019915b) Importer(815301076,1909f56bfc062723c751e8b465ee728b)  -> (artifact id: '5b4a34930880030ff3c7615dd6262d11') in 0.005575 seconds
  Import took 0.359238 seconds .

========================================================================
Received Import Request.
  Time since last request: 10.263080 seconds.
  path: Assets/Resources/Spawnable Entities/Universal/Player.prefab
  artifactKey: Guid(93f4c8f1b698f7942ada7e5d5b601da1) Importer(815301076,1909f56bfc062723c751e8b465ee728b)
Start importing Assets/Resources/Spawnable Entities/Universal/Player.prefab using Guid(93f4c8f1b698f7942ada7e5d5b601da1) Importer(815301076,1909f56bfc062723c751e8b465ee728b)  -> (artifact id: '5ec04c043b31f1e625f02315bbf2b55c') in 0.225361 seconds
  Import took 0.253543 seconds .

========================================================================
Received Import Request.
  Time since last request: 8.144671 seconds.
  path: Assets/Resources/Spawnable Entities/Universal/Player.prefab
  artifactKey: Guid(93f4c8f1b698f7942ada7e5d5b601da1) Importer(815301076,1909f56bfc062723c751e8b465ee728b)
Start importing Assets/Resources/Spawnable Entities/Universal/Player.prefab using Guid(93f4c8f1b698f7942ada7e5d5b601da1) Importer(815301076,1909f56bfc062723c751e8b465ee728b)  -> (artifact id: '28d09859d8374e2ec535dbc5d6132d9f') in 0.022016 seconds
  Import took 0.047073 seconds .

========================================================================
Received Import Request.
  Time since last request: 119.725630 seconds.
  path: Assets/Scripts/UI/PlayerAppearanceContainer.cs
  artifactKey: Guid(f4f0cdc3e3761154d88791cf4877eadc) Importer(815301076,1909f56bfc062723c751e8b465ee728b)
Start importing Assets/Scripts/UI/PlayerAppearanceContainer.cs using Guid(f4f0cdc3e3761154d88791cf4877eadc) Importer(815301076,1909f56bfc062723c751e8b465ee728b)  -> (artifact id: '7bfeeef4c4fff685389ea3addc4281e2') in 0.003840 seconds
  Import took 0.030672 seconds .

========================================================================
Received Prepare
Registering precompiled user dll's ...
Registered in 0.001064 seconds.
Begin MonoManager ReloadAssembly
Native extension for LinuxStandalone target not found
Native extension for WindowsStandalone target not found
Native extension for OSXStandalone target not found
Refreshing native plugins compatible for Editor in 0.27 ms, found 0 plugins.
Preloading 0 native plugins for Editor in 0.00 ms.
Mono: successfully reloaded assembly
- Completed reload, in  1.233 seconds
Platform modules already initialized, skipping
Refreshing native plugins compatible for Editor in 0.51 ms, found 0 plugins.
Preloading 0 native plugins for Editor in 0.00 ms.
Unloading 1413 Unused Serialized files (Serialized files now loaded: 0)
System memory in use before: 70.1 MB.
System memory in use after: 70.2 MB.

Unloading 4 unused Assets to reduce memory usage. Loaded Objects now: 1901.
Total: 1.934700 ms (FindLiveObjects: 0.282400 ms CreateObjectMapping: 0.098000 ms MarkObjects: 1.537100 ms  DeleteObjects: 0.015800 ms)

========================================================================
Received Import Request.
  Time since last request: 54.286802 seconds.
  path: Assets/Scripts/UI/PlayerAppearanceContainer.cs
  artifactKey: Guid(f4f0cdc3e3761154d88791cf4877eadc) Importer(815301076,1909f56bfc062723c751e8b465ee728b)
Start importing Assets/Scripts/UI/PlayerAppearanceContainer.cs using Guid(f4f0cdc3e3761154d88791cf4877eadc) Importer(815301076,1909f56bfc062723c751e8b465ee728b)  -> (artifact id: '7ca18784baa32bcf16f1e7e240562eb2') in 0.005766 seconds
  Import took 0.010988 seconds .

========================================================================
Received Prepare
Registering precompiled user dll's ...
Registered in 0.001275 seconds.
Begin MonoManager ReloadAssembly
Native extension for LinuxStandalone target not found
Native extension for WindowsStandalone target not found
Native extension for OSXStandalone target not found
Refreshing native plugins compatible for Editor in 0.35 ms, found 0 plugins.
Preloading 0 native plugins for Editor in 0.00 ms.
Mono: successfully reloaded assembly
- Completed reload, in  1.103 seconds
Platform modules already initialized, skipping
Refreshing native plugins compatible for Editor in 0.46 ms, found 0 plugins.
Preloading 0 native plugins for Editor in 0.00 ms.
Unloading 1413 Unused Serialized files (Serialized files now loaded: 0)
System memory in use before: 70.1 MB.
System memory in use after: 70.2 MB.

Unloading 4 unused Assets to reduce memory usage. Loaded Objects now: 1904.
Total: 1.831100 ms (FindLiveObjects: 0.208500 ms CreateObjectMapping: 0.107400 ms MarkObjects: 1.496000 ms  DeleteObjects: 0.017000 ms)

========================================================================
Received Import Request.
  Time since last request: 537.464985 seconds.
  path: Assets/Scripts/UI/PlayerAppearanceContainer.cs
  artifactKey: Guid(f4f0cdc3e3761154d88791cf4877eadc) Importer(815301076,1909f56bfc062723c751e8b465ee728b)
Start importing Assets/Scripts/UI/PlayerAppearanceContainer.cs using Guid(f4f0cdc3e3761154d88791cf4877eadc) Importer(815301076,1909f56bfc062723c751e8b465ee728b)  -> (artifact id: 'a411836b798aca8cf07e3532247a773f') in 0.004809 seconds
  Import took 0.022142 seconds .

========================================================================
Received Import Request.
  Time since last request: 2.809751 seconds.
  path: Assets/Scripts/UI/PlayerAppearanceContainer.cs
  artifactKey: Guid(f4f0cdc3e3761154d88791cf4877eadc) Importer(815301076,1909f56bfc062723c751e8b465ee728b)
Start importing Assets/Scripts/UI/PlayerAppearanceContainer.cs using Guid(f4f0cdc3e3761154d88791cf4877eadc) Importer(815301076,1909f56bfc062723c751e8b465ee728b)  -> (artifact id: 'a411836b798aca8cf07e3532247a773f') in 0.003181 seconds
  Import took 0.006372 seconds .

========================================================================
Received Prepare
Registering precompiled user dll's ...
Registered in 0.001237 seconds.
Begin MonoManager ReloadAssembly
Native extension for LinuxStandalone target not found
Native extension for WindowsStandalone target not found
Native extension for OSXStandalone target not found
Refreshing native plugins compatible for Editor in 0.29 ms, found 0 plugins.
Preloading 0 native plugins for Editor in 0.00 ms.
Mono: successfully reloaded assembly
- Completed reload, in  1.240 seconds
Platform modules already initialized, skipping
Refreshing native plugins compatible for Editor in 0.46 ms, found 0 plugins.
Preloading 0 native plugins for Editor in 0.00 ms.
Unloading 1413 Unused Serialized files (Serialized files now loaded: 0)
System memory in use before: 70.1 MB.
System memory in use after: 70.2 MB.

Unloading 4 unused Assets to reduce memory usage. Loaded Objects now: 1907.
Total: 1.974200 ms (FindLiveObjects: 0.208000 ms CreateObjectMapping: 0.083200 ms MarkObjects: 1.665100 ms  DeleteObjects: 0.014600 ms)

========================================================================
Received Prepare
Registering precompiled user dll's ...
Registered in 0.001500 seconds.
Begin MonoManager ReloadAssembly
Native extension for LinuxStandalone target not found
Native extension for WindowsStandalone target not found
Native extension for OSXStandalone target not found
Refreshing native plugins compatible for Editor in 0.29 ms, found 0 plugins.
Preloading 0 native plugins for Editor in 0.00 ms.
Mono: successfully reloaded assembly
- Completed reload, in  1.120 seconds
Platform modules already initialized, skipping
Refreshing native plugins compatible for Editor in 0.61 ms, found 0 plugins.
Preloading 0 native plugins for Editor in 0.00 ms.
Unloading 1413 Unused Serialized files (Serialized files now loaded: 0)
System memory in use before: 70.1 MB.
System memory in use after: 70.2 MB.

Unloading 4 unused Assets to reduce memory usage. Loaded Objects now: 1910.
Total: 1.827000 ms (FindLiveObjects: 0.179000 ms CreateObjectMapping: 0.058700 ms MarkObjects: 1.571700 ms  DeleteObjects: 0.016300 ms)

========================================================================
Received Prepare
Registering precompiled user dll's ...
Registered in 0.001760 seconds.
Begin MonoManager ReloadAssembly
Native extension for LinuxStandalone target not found
Native extension for WindowsStandalone target not found
Native extension for OSXStandalone target not found
Refreshing native plugins compatible for Editor in 0.29 ms, found 0 plugins.
Preloading 0 native plugins for Editor in 0.00 ms.
Mono: successfully reloaded assembly
- Completed reload, in  1.251 seconds
Platform modules already initialized, skipping
Refreshing native plugins compatible for Editor in 0.44 ms, found 0 plugins.
Preloading 0 native plugins for Editor in 0.00 ms.
Unloading 1413 Unused Serialized files (Serialized files now loaded: 0)
System memory in use before: 70.1 MB.
System memory in use after: 70.2 MB.

Unloading 4 unused Assets to reduce memory usage. Loaded Objects now: 1913.
Total: 2.414100 ms (FindLiveObjects: 0.317000 ms CreateObjectMapping: 0.079900 ms MarkObjects: 1.999100 ms  DeleteObjects: 0.016200 ms)

========================================================================
Received Prepare
Registering precompiled user dll's ...
Registered in 0.000934 seconds.
Begin MonoManager ReloadAssembly
Native extension for LinuxStandalone target not found
Native extension for WindowsStandalone target not found
Native extension for OSXStandalone target not found
Refreshing native plugins compatible for Editor in 0.33 ms, found 0 plugins.
Preloading 0 native plugins for Editor in 0.00 ms.
Mono: successfully reloaded assembly
- Completed reload, in  1.107 seconds
Platform modules already initialized, skipping
Refreshing native plugins compatible for Editor in 0.32 ms, found 0 plugins.
Preloading 0 native plugins for Editor in 0.00 ms.
Unloading 1413 Unused Serialized files (Serialized files now loaded: 0)
System memory in use before: 70.1 MB.
System memory in use after: 70.2 MB.

Unloading 4 unused Assets to reduce memory usage. Loaded Objects now: 1916.
Total: 2.253100 ms (FindLiveObjects: 0.269700 ms CreateObjectMapping: 0.084800 ms MarkObjects: 1.881300 ms  DeleteObjects: 0.016100 ms)

========================================================================
Received Prepare
Registering precompiled user dll's ...
Registered in 0.001073 seconds.
Begin MonoManager ReloadAssembly
Native extension for LinuxStandalone target not found
Native extension for WindowsStandalone target not found
Native extension for OSXStandalone target not found
Refreshing native plugins compatible for Editor in 0.29 ms, found 0 plugins.
Preloading 0 native plugins for Editor in 0.00 ms.
Mono: successfully reloaded assembly
- Completed reload, in  1.064 seconds
Platform modules already initialized, skipping
Refreshing native plugins compatible for Editor in 0.34 ms, found 0 plugins.
Preloading 0 native plugins for Editor in 0.00 ms.
Unloading 1413 Unused Serialized files (Serialized files now loaded: 0)
System memory in use before: 70.1 MB.
System memory in use after: 70.2 MB.

Unloading 4 unused Assets to reduce memory usage. Loaded Objects now: 1919.
Total: 1.693200 ms (FindLiveObjects: 0.151300 ms CreateObjectMapping: 0.046800 ms MarkObjects: 1.479600 ms  DeleteObjects: 0.014600 ms)

========================================================================
Received Import Request.
  Time since last request: 222.913780 seconds.
  path: Assets/ScriptableObjects/Entities/PlayerAppearanceItems/ItemLists/_Registry.asset
  artifactKey: Guid(caefcb1cdfb671a4cae45319b622fe8b) Importer(815301076,1909f56bfc062723c751e8b465ee728b)
Start importing Assets/ScriptableObjects/Entities/PlayerAppearanceItems/ItemLists/_Registry.asset using Guid(caefcb1cdfb671a4cae45319b622fe8b) Importer(815301076,1909f56bfc062723c751e8b465ee728b)  -> (artifact id: '3c9dc448a9c3fe38cec846bb4dc7974e') in 0.139033 seconds
  Import took 0.177855 seconds .

========================================================================
Received Prepare
Registering precompiled user dll's ...
Registered in 0.001091 seconds.
Begin MonoManager ReloadAssembly
Native extension for LinuxStandalone target not found
Native extension for WindowsStandalone target not found
Native extension for OSXStandalone target not found
Refreshing native plugins compatible for Editor in 0.45 ms, found 0 plugins.
Preloading 0 native plugins for Editor in 0.00 ms.
Mono: successfully reloaded assembly
- Completed reload, in  1.063 seconds
Platform modules already initialized, skipping
Refreshing native plugins compatible for Editor in 0.28 ms, found 0 plugins.
Preloading 0 native plugins for Editor in 0.00 ms.
Unloading 1413 Unused Serialized files (Serialized files now loaded: 0)
System memory in use before: 70.2 MB.
System memory in use after: 70.3 MB.

Unloading 4 unused Assets to reduce memory usage. Loaded Objects now: 1922.
Total: 1.828300 ms (FindLiveObjects: 0.202000 ms CreateObjectMapping: 0.058700 ms MarkObjects: 1.552100 ms  DeleteObjects: 0.014300 ms)

========================================================================
Received Prepare
Registering precompiled user dll's ...
Registered in 0.001053 seconds.
Begin MonoManager ReloadAssembly
Native extension for LinuxStandalone target not found
Native extension for WindowsStandalone target not found
Native extension for OSXStandalone target not found
Refreshing native plugins compatible for Editor in 0.45 ms, found 0 plugins.
Preloading 0 native plugins for Editor in 0.00 ms.
Mono: successfully reloaded assembly
- Completed reload, in  1.662 seconds
Platform modules already initialized, skipping
Refreshing native plugins compatible for Editor in 0.41 ms, found 0 plugins.
Preloading 0 native plugins for Editor in 0.00 ms.
Unloading 1413 Unused Serialized files (Serialized files now loaded: 0)
System memory in use before: 70.3 MB.
System memory in use after: 70.4 MB.

Unloading 4 unused Assets to reduce memory usage. Loaded Objects now: 1925.
Total: 3.336500 ms (FindLiveObjects: 0.309700 ms CreateObjectMapping: 0.118000 ms MarkObjects: 2.888300 ms  DeleteObjects: 0.018500 ms)

========================================================================
Received Prepare
Registering precompiled user dll's ...
Registered in 0.001662 seconds.
Begin MonoManager ReloadAssembly
Native extension for LinuxStandalone target not found
Native extension for WindowsStandalone target not found
Native extension for OSXStandalone target not found
Refreshing native plugins compatible for Editor in 0.54 ms, found 0 plugins.
Preloading 0 native plugins for Editor in 0.00 ms.
Mono: successfully reloaded assembly
- Completed reload, in  1.624 seconds
Platform modules already initialized, skipping
Refreshing native plugins compatible for Editor in 0.42 ms, found 0 plugins.
Preloading 0 native plugins for Editor in 0.00 ms.
Unloading 1413 Unused Serialized files (Serialized files now loaded: 0)
System memory in use before: 70.3 MB.
System memory in use after: 70.4 MB.

Unloading 4 unused Assets to reduce memory usage. Loaded Objects now: 1928.
Total: 2.813500 ms (FindLiveObjects: 0.286600 ms CreateObjectMapping: 0.114700 ms MarkObjects: 2.388000 ms  DeleteObjects: 0.022900 ms)

========================================================================
Received Prepare
Registering precompiled user dll's ...
Registered in 0.000953 seconds.
Begin MonoManager ReloadAssembly
Native extension for LinuxStandalone target not found
Native extension for WindowsStandalone target not found
Native extension for OSXStandalone target not found
Refreshing native plugins compatible for Editor in 0.27 ms, found 0 plugins.
Preloading 0 native plugins for Editor in 0.00 ms.
Mono: successfully reloaded assembly
- Completed reload, in  1.078 seconds
Platform modules already initialized, skipping
Refreshing native plugins compatible for Editor in 0.45 ms, found 0 plugins.
Preloading 0 native plugins for Editor in 0.00 ms.
Unloading 1413 Unused Serialized files (Serialized files now loaded: 0)
System memory in use before: 70.3 MB.
System memory in use after: 70.4 MB.

Unloading 4 unused Assets to reduce memory usage. Loaded Objects now: 1931.
Total: 2.047200 ms (FindLiveObjects: 0.237900 ms CreateObjectMapping: 0.046700 ms MarkObjects: 1.744100 ms  DeleteObjects: 0.017400 ms)

========================================================================
Received Prepare
Registering precompiled user dll's ...
Registered in 0.001564 seconds.
Begin MonoManager ReloadAssembly
Native extension for LinuxStandalone target not found
Native extension for WindowsStandalone target not found
Native extension for OSXStandalone target not found
Refreshing native plugins compatible for Editor in 0.29 ms, found 0 plugins.
Preloading 0 native plugins for Editor in 0.00 ms.
Mono: successfully reloaded assembly
- Completed reload, in  1.506 seconds
Platform modules already initialized, skipping
Refreshing native plugins compatible for Editor in 0.35 ms, found 0 plugins.
Preloading 0 native plugins for Editor in 0.00 ms.
Unloading 1413 Unused Serialized files (Serialized files now loaded: 0)
System memory in use before: 70.3 MB.
System memory in use after: 70.4 MB.

Unloading 4 unused Assets to reduce memory usage. Loaded Objects now: 1934.
Total: 2.649600 ms (FindLiveObjects: 0.174400 ms CreateObjectMapping: 0.048600 ms MarkObjects: 2.403100 ms  DeleteObjects: 0.022000 ms)

========================================================================
Received Prepare
Registering precompiled user dll's ...
Registered in 0.001006 seconds.
Begin MonoManager ReloadAssembly
Native extension for LinuxStandalone target not found
Native extension for WindowsStandalone target not found
Native extension for OSXStandalone target not found
Refreshing native plugins compatible for Editor in 0.66 ms, found 0 plugins.
Preloading 0 native plugins for Editor in 0.00 ms.
Mono: successfully reloaded assembly
- Completed reload, in  1.325 seconds
Platform modules already initialized, skipping
Refreshing native plugins compatible for Editor in 0.29 ms, found 0 plugins.
Preloading 0 native plugins for Editor in 0.00 ms.
Unloading 1413 Unused Serialized files (Serialized files now loaded: 0)
System memory in use before: 70.3 MB.
System memory in use after: 70.4 MB.

Unloading 4 unused Assets to reduce memory usage. Loaded Objects now: 1937.
Total: 2.347200 ms (FindLiveObjects: 0.151200 ms CreateObjectMapping: 0.045800 ms MarkObjects: 2.131400 ms  DeleteObjects: 0.017200 ms)

========================================================================
Received Prepare
Registering precompiled user dll's ...
Registered in 0.001112 seconds.
Begin MonoManager ReloadAssembly
Native extension for LinuxStandalone target not found
Native extension for WindowsStandalone target not found
Native extension for OSXStandalone target not found
Refreshing native plugins compatible for Editor in 0.54 ms, found 0 plugins.
Preloading 0 native plugins for Editor in 0.00 ms.
Mono: successfully reloaded assembly
- Completed reload, in  1.667 seconds
Platform modules already initialized, skipping
Refreshing native plugins compatible for Editor in 0.59 ms, found 0 plugins.
Preloading 0 native plugins for Editor in 0.00 ms.
Unloading 1413 Unused Serialized files (Serialized files now loaded: 0)
System memory in use before: 70.3 MB.
System memory in use after: 70.4 MB.

Unloading 4 unused Assets to reduce memory usage. Loaded Objects now: 1940.
Total: 2.547400 ms (FindLiveObjects: 0.275300 ms CreateObjectMapping: 0.108300 ms MarkObjects: 2.144300 ms  DeleteObjects: 0.017200 ms)

========================================================================
Received Prepare
Registering precompiled user dll's ...
Registered in 0.001104 seconds.
Begin MonoManager ReloadAssembly
Native extension for LinuxStandalone target not found
Native extension for WindowsStandalone target not found
Native extension for OSXStandalone target not found
Refreshing native plugins compatible for Editor in 0.34 ms, found 0 plugins.
Preloading 0 native plugins for Editor in 0.00 ms.
Mono: successfully reloaded assembly
- Completed reload, in  1.302 seconds
Platform modules already initialized, skipping
Refreshing native plugins compatible for Editor in 0.42 ms, found 0 plugins.
Preloading 0 native plugins for Editor in 0.00 ms.
Unloading 1413 Unused Serialized files (Serialized files now loaded: 0)
System memory in use before: 70.3 MB.
System memory in use after: 70.4 MB.

Unloading 4 unused Assets to reduce memory usage. Loaded Objects now: 1943.
Total: 2.553300 ms (FindLiveObjects: 0.271000 ms CreateObjectMapping: 0.086400 ms MarkObjects: 2.178700 ms  DeleteObjects: 0.015800 ms)

========================================================================
Received Prepare
Registering precompiled user dll's ...
Registered in 0.001192 seconds.
Begin MonoManager ReloadAssembly
Native extension for LinuxStandalone target not found
Native extension for WindowsStandalone target not found
Native extension for OSXStandalone target not found
Refreshing native plugins compatible for Editor in 0.32 ms, found 0 plugins.
Preloading 0 native plugins for Editor in 0.00 ms.
Mono: successfully reloaded assembly
- Completed reload, in  1.237 seconds
Platform modules already initialized, skipping
Refreshing native plugins compatible for Editor in 0.52 ms, found 0 plugins.
Preloading 0 native plugins for Editor in 0.00 ms.
Unloading 1413 Unused Serialized files (Serialized files now loaded: 0)
System memory in use before: 70.3 MB.
System memory in use after: 70.4 MB.

Unloading 4 unused Assets to reduce memory usage. Loaded Objects now: 1946.
Total: 2.016200 ms (FindLiveObjects: 0.193800 ms CreateObjectMapping: 0.055600 ms MarkObjects: 1.749800 ms  DeleteObjects: 0.015600 ms)

========================================================================
Received Prepare
Registering precompiled user dll's ...
Registered in 0.001622 seconds.
Begin MonoManager ReloadAssembly
Native extension for LinuxStandalone target not found
Native extension for WindowsStandalone target not found
Native extension for OSXStandalone target not found
Refreshing native plugins compatible for Editor in 0.38 ms, found 0 plugins.
Preloading 0 native plugins for Editor in 0.00 ms.
Mono: successfully reloaded assembly
- Completed reload, in  1.249 seconds
Platform modules already initialized, skipping
Refreshing native plugins compatible for Editor in 0.43 ms, found 0 plugins.
Preloading 0 native plugins for Editor in 0.00 ms.
Unloading 1413 Unused Serialized files (Serialized files now loaded: 0)
System memory in use before: 70.3 MB.
System memory in use after: 70.4 MB.

Unloading 4 unused Assets to reduce memory usage. Loaded Objects now: 1949.
Total: 2.337300 ms (FindLiveObjects: 0.319800 ms CreateObjectMapping: 0.078500 ms MarkObjects: 1.919200 ms  DeleteObjects: 0.016000 ms)

========================================================================
Received Prepare
Registering precompiled user dll's ...
Registered in 0.002096 seconds.
Begin MonoManager ReloadAssembly
Native extension for LinuxStandalone target not found
Native extension for WindowsStandalone target not found
Native extension for OSXStandalone target not found
Refreshing native plugins compatible for Editor in 0.34 ms, found 0 plugins.
Preloading 0 native plugins for Editor in 0.00 ms.
Mono: successfully reloaded assembly
- Completed reload, in  1.281 seconds
Platform modules already initialized, skipping
Refreshing native plugins compatible for Editor in 0.43 ms, found 0 plugins.
Preloading 0 native plugins for Editor in 0.00 ms.
Unloading 1413 Unused Serialized files (Serialized files now loaded: 0)
System memory in use before: 70.3 MB.
System memory in use after: 70.4 MB.

Unloading 4 unused Assets to reduce memory usage. Loaded Objects now: 1952.
Total: 2.992500 ms (FindLiveObjects: 0.508200 ms CreateObjectMapping: 0.119500 ms MarkObjects: 2.338000 ms  DeleteObjects: 0.024600 ms)

========================================================================
Received Prepare
Registering precompiled user dll's ...
Registered in 0.001548 seconds.
Begin MonoManager ReloadAssembly
Native extension for LinuxStandalone target not found
Native extension for WindowsStandalone target not found
Native extension for OSXStandalone target not found
Refreshing native plugins compatible for Editor in 0.32 ms, found 0 plugins.
Preloading 0 native plugins for Editor in 0.00 ms.
Mono: successfully reloaded assembly
- Completed reload, in  1.229 seconds
Platform modules already initialized, skipping
Refreshing native plugins compatible for Editor in 0.30 ms, found 0 plugins.
Preloading 0 native plugins for Editor in 0.00 ms.
Unloading 1413 Unused Serialized files (Serialized files now loaded: 0)
System memory in use before: 70.3 MB.
System memory in use after: 70.4 MB.

Unloading 4 unused Assets to reduce memory usage. Loaded Objects now: 1955.
Total: 3.245200 ms (FindLiveObjects: 0.264500 ms CreateObjectMapping: 0.108400 ms MarkObjects: 2.849800 ms  DeleteObjects: 0.020100 ms)

========================================================================
Received Prepare
Registering precompiled user dll's ...
Registered in 0.001092 seconds.
Begin MonoManager ReloadAssembly
Native extension for LinuxStandalone target not found
Native extension for WindowsStandalone target not found
Native extension for OSXStandalone target not found
Refreshing native plugins compatible for Editor in 0.27 ms, found 0 plugins.
Preloading 0 native plugins for Editor in 0.00 ms.
Mono: successfully reloaded assembly
- Completed reload, in  1.097 seconds
Platform modules already initialized, skipping
Refreshing native plugins compatible for Editor in 0.29 ms, found 0 plugins.
Preloading 0 native plugins for Editor in 0.00 ms.
Unloading 1413 Unused Serialized files (Serialized files now loaded: 0)
System memory in use before: 70.3 MB.
System memory in use after: 70.4 MB.

Unloading 4 unused Assets to reduce memory usage. Loaded Objects now: 1958.
Total: 3.615000 ms (FindLiveObjects: 0.317700 ms CreateObjectMapping: 0.370800 ms MarkObjects: 2.900000 ms  DeleteObjects: 0.024600 ms)

========================================================================
Received Prepare
Registering precompiled user dll's ...
Registered in 0.000995 seconds.
Begin MonoManager ReloadAssembly
Native extension for LinuxStandalone target not found
Native extension for WindowsStandalone target not found
Native extension for OSXStandalone target not found
Refreshing native plugins compatible for Editor in 0.30 ms, found 0 plugins.
Preloading 0 native plugins for Editor in 0.00 ms.
Mono: successfully reloaded assembly
- Completed reload, in  1.531 seconds
Platform modules already initialized, skipping
Refreshing native plugins compatible for Editor in 0.52 ms, found 0 plugins.
Preloading 0 native plugins for Editor in 0.00 ms.
Unloading 1413 Unused Serialized files (Serialized files now loaded: 0)
System memory in use before: 70.3 MB.
System memory in use after: 70.4 MB.

Unloading 4 unused Assets to reduce memory usage. Loaded Objects now: 1961.
Total: 4.303900 ms (FindLiveObjects: 0.389600 ms CreateObjectMapping: 0.129200 ms MarkObjects: 3.759400 ms  DeleteObjects: 0.024000 ms)

========================================================================
Received Prepare
Registering precompiled user dll's ...
Registered in 0.000991 seconds.
Begin MonoManager ReloadAssembly
Native extension for LinuxStandalone target not found
Native extension for WindowsStandalone target not found
Native extension for OSXStandalone target not found
Refreshing native plugins compatible for Editor in 0.33 ms, found 0 plugins.
Preloading 0 native plugins for Editor in 0.00 ms.
Mono: successfully reloaded assembly
- Completed reload, in  1.069 seconds
Platform modules already initialized, skipping
Refreshing native plugins compatible for Editor in 0.42 ms, found 0 plugins.
Preloading 0 native plugins for Editor in 0.00 ms.
Unloading 1413 Unused Serialized files (Serialized files now loaded: 0)
System memory in use before: 70.3 MB.
System memory in use after: 70.4 MB.

Unloading 4 unused Assets to reduce memory usage. Loaded Objects now: 1964.
Total: 2.143400 ms (FindLiveObjects: 0.271600 ms CreateObjectMapping: 0.087800 ms MarkObjects: 1.766700 ms  DeleteObjects: 0.015800 ms)

